
FireFly 2.0.3

Launching 10 thread(s) with maximum bunch size 1
Using seed 1758641444 for random numbers

Promote to new prime field: F(9223372036854775783)
Scanning for factors
Time for the first black-box probe: 0.025247 s
11159 function(s) will be interpolated

Scanning for factors in x1
Maximum degree of x1: 6
Potential factors in x1: 41550
Identified factors in x1: 19925
Starting reconstruction of coefficients
Completed factor scan in x1 | 89 probes in total
Required prime fields: 2
Average time of the black-box probe: 0.033200 s

Scanning for factors in x2
Maximum degree of x2: 20
Potential factors in x2: 55594
Identified factors in x2: 3827
Starting reconstruction of coefficients
Completed factor scan in x2 | 276 probes in total
Required prime fields: 2
Average time of the black-box probe: 0.031731 s

Scanning for factors in x3
Maximum degree of x3: 26
Potential factors in x3: 70583
Identified factors in x3: 2577
Starting reconstruction of coefficients
Completed factor scan in x3 | 512 probes in total
Required prime fields: 2
Average time of the black-box probe: 0.030996 s

Scanning for factors in x4
Maximum degree of x4: 27
Potential factors in x4: 69279
Identified factors in x4: 5215
Starting reconstruction of coefficients
Completed factor scan in x4 | 757 probes in total
Required prime fields: 2
Average time of the black-box probe: 0.030340 s

Scanning for factors in x5
Maximum degree of x5: 18
Potential factors in x5: 52879
Identified factors in x5: 4116
Starting reconstruction of coefficients
Completed factor scan in x5 | 943 probes in total
Required prime fields: 2
Average time of the black-box probe: 0.030163 s

Scanning for factors in x6
Maximum degree of x6: 22
Potential factors in x6: 62546
Identified factors in x6: 4478
Starting reconstruction of coefficients
Completed factor scan in x6 | 1159 probes in total
Required prime fields: 2
Average time of the black-box probe: 0.029989 s

Completed factor scan in 23.428549 s | 1159 probes in total
Average time of the black-box probe: 0.029989 s
Found 40138 factors in total
Using optimized variable order: (x4, x3, x6, x2, x5, x1)

Scanning for a sparse shift
Maximum degree of numerator: 38 | Maximum degree of denominator: 29
Found a sparse shift after 17 scans
Shift the variable tuple (0, 1, 0, 1, 0, 0)
Completed scan in 20.604216 s | 2304 probes in total
Average time of the black-box probe: 0.028698 s

Proceeding with interpolation over prime field F(9223372036854775783)
Probe: 10 | Done: 0 / 11159 | Requires new prime field: 12 / 11159
Probe: 10 | Done: 0 / 11159 | Requires new prime field: 34 / 11159
Probe: 10 | Done: 0 / 11159 | Requires new prime field: 35 / 11159
Probe: 20 | Done: 0 / 11159 | Requires new prime field: 58 / 11159
Probe: 192 | Done: 0 / 11159 | Requires new prime field: 64 / 11159
Probe: 192 | Done: 0 / 11159 | Requires new prime field: 66 / 11159
Probe: 203 | Done: 0 / 11159 | Requires new prime field: 72 / 11159
Probe: 270 | Done: 0 / 11159 | Requires new prime field: 74 / 11159
Probe: 270 | Done: 0 / 11159 | Requires new prime field: 76 / 11159
Probe: 270 | Done: 0 / 11159 | Requires new prime field: 101 / 11159
Probe: 270 | Done: 0 / 11159 | Requires new prime field: 106 / 11159
Probe: 285 | Done: 0 / 11159 | Requires new prime field: 109 / 11159
Probe: 285 | Done: 0 / 11159 | Requires new prime field: 187 / 11159
Probe: 304 | Done: 0 / 11159 | Requires new prime field: 189 / 11159
Probe: 304 | Done: 0 / 11159 | Requires new prime field: 220 / 11159
Probe: 304 | Done: 0 / 11159 | Requires new prime field: 255 / 11159
Probe: 315 | Done: 0 / 11159 | Requires new prime field: 265 / 11159
Probe: 378 | Done: 0 / 11159 | Requires new prime field: 272 / 11159
Probe: 385 | Done: 0 / 11159 | Requires new prime field: 276 / 11159
Probe: 385 | Done: 0 / 11159 | Requires new prime field: 286 / 11159
Probe: 397 | Done: 0 / 11159 | Requires new prime field: 289 / 11159
Probe: 397 | Done: 0 / 11159 | Requires new prime field: 340 / 11159
Probe: 397 | Done: 0 / 11159 | Requires new prime field: 348 / 11159
Probe: 403 | Done: 0 / 11159 | Requires new prime field: 349 / 11159
Probe: 403 | Done: 0 / 11159 | Requires new prime field: 393 / 11159
Probe: 413 | Done: 0 / 11159 | Requires new prime field: 395 / 11159
Probe: 414 | Done: 0 / 11159 | Requires new prime field: 441 / 11159
Probe: 414 | Done: 0 / 11159 | Requires new prime field: 447 / 11159
Probe: 418 | Done: 0 / 11159 | Requires new prime field: 452 / 11159
Probe: 432 | Done: 0 / 11159 | Requires new prime field: 493 / 11159
Probe: 432 | Done: 0 / 11159 | Requires new prime field: 494 / 11159
Probe: 452 | Done: 0 / 11159 | Requires new prime field: 495 / 11159
Probe: 467 | Done: 0 / 11159 | Requires new prime field: 501 / 11159
Probe: 539 | Done: 0 / 11159 | Requires new prime field: 502 / 11159
Probe: 539 | Done: 0 / 11159 | Requires new prime field: 515 / 11159
Probe: 544 | Done: 0 / 11159 | Requires new prime field: 525 / 11159
Probe: 555 | Done: 0 / 11159 | Requires new prime field: 544 / 11159
Probe: 555 | Done: 0 / 11159 | Requires new prime field: 556 / 11159
Probe: 555 | Done: 0 / 11159 | Requires new prime field: 560 / 11159
Probe: 555 | Done: 0 / 11159 | Requires new prime field: 569 / 11159
Probe: 560 | Done: 0 / 11159 | Requires new prime field: 580 / 11159
Probe: 571 | Done: 0 / 11159 | Requires new prime field: 586 / 11159
Probe: 571 | Done: 0 / 11159 | Requires new prime field: 588 / 11159
Probe: 573 | Done: 0 / 11159 | Requires new prime field: 595 / 11159
Probe: 583 | Done: 0 / 11159 | Requires new prime field: 597 / 11159
Probe: 584 | Done: 0 / 11159 | Requires new prime field: 616 / 11159
Probe: 584 | Done: 0 / 11159 | Requires new prime field: 634 / 11159
Probe: 584 | Done: 0 / 11159 | Requires new prime field: 638 / 11159
Probe: 584 | Done: 0 / 11159 | Requires new prime field: 669 / 11159
Probe: 590 | Done: 0 / 11159 | Requires new prime field: 670 / 11159
Probe: 601 | Done: 0 / 11159 | Requires new prime field: 678 / 11159
Probe: 601 | Done: 0 / 11159 | Requires new prime field: 685 / 11159
Probe: 601 | Done: 0 / 11159 | Requires new prime field: 695 / 11159
Probe: 601 | Done: 0 / 11159 | Requires new prime field: 697 / 11159
Probe: 621 | Done: 0 / 11159 | Requires new prime field: 701 / 11159
Probe: 626 | Done: 0 / 11159 | Requires new prime field: 702 / 11159
Probe: 637 | Done: 0 / 11159 | Requires new prime field: 710 / 11159
Probe: 644 | Done: 0 / 11159 | Requires new prime field: 712 / 11159
Probe: 655 | Done: 0 / 11159 | Requires new prime field: 746 / 11159
Probe: 732 | Done: 0 / 11159 | Requires new prime field: 756 / 11159
Probe: 732 | Done: 0 / 11159 | Requires new prime field: 762 / 11159
Probe: 732 | Done: 0 / 11159 | Requires new prime field: 794 / 11159
Probe: 732 | Done: 0 / 11159 | Requires new prime field: 801 / 11159
Probe: 740 | Done: 0 / 11159 | Requires new prime field: 812 / 11159
Probe: 740 | Done: 0 / 11159 | Requires new prime field: 850 / 11159
Probe: 740 | Done: 0 / 11159 | Requires new prime field: 892 / 11159
Probe: 750 | Done: 0 / 11159 | Requires new prime field: 913 / 11159
Probe: 750 | Done: 0 / 11159 | Requires new prime field: 914 / 11159
Probe: 760 | Done: 0 / 11159 | Requires new prime field: 916 / 11159
Probe: 761 | Done: 0 / 11159 | Requires new prime field: 918 / 11159
Probe: 761 | Done: 0 / 11159 | Requires new prime field: 926 / 11159
Probe: 770 | Done: 0 / 11159 | Requires new prime field: 962 / 11159
Probe: 780 | Done: 0 / 11159 | Requires new prime field: 992 / 11159
Probe: 783 | Done: 0 / 11159 | Requires new prime field: 996 / 11159
Probe: 793 | Done: 0 / 11159 | Requires new prime field: 1008 / 11159
Probe: 813 | Done: 0 / 11159 | Requires new prime field: 1011 / 11159
Probe: 823 | Done: 0 / 11159 | Requires new prime field: 1016 / 11159
Probe: 827 | Done: 0 / 11159 | Requires new prime field: 1018 / 11159
Probe: 829 | Done: 0 / 11159 | Requires new prime field: 1019 / 11159
Probe: 848 | Done: 0 / 11159 | Requires new prime field: 1026 / 11159
Probe: 848 | Done: 0 / 11159 | Requires new prime field: 1028 / 11159
Probe: 859 | Done: 0 / 11159 | Requires new prime field: 1039 / 11159
Probe: 868 | Done: 0 / 11159 | Requires new prime field: 1040 / 11159
Probe: 868 | Done: 0 / 11159 | Requires new prime field: 1045 / 11159
Probe: 1038 | Done: 0 / 11159 | Requires new prime field: 1046 / 11159
Probe: 1048 | Done: 0 / 11159 | Requires new prime field: 1078 / 11159
Probe: 1049 | Done: 0 / 11159 | Requires new prime field: 1100 / 11159
Probe: 1049 | Done: 0 / 11159 | Requires new prime field: 1151 / 11159
Probe: 1049 | Done: 0 / 11159 | Requires new prime field: 1157 / 11159
Probe: 1056 | Done: 0 / 11159 | Requires new prime field: 1159 / 11159
Probe: 1061 | Done: 0 / 11159 | Requires new prime field: 1206 / 11159
Probe: 1061 | Done: 0 / 11159 | Requires new prime field: 1210 / 11159
Probe: 1061 | Done: 0 / 11159 | Requires new prime field: 1217 / 11159
Probe: 1079 | Done: 0 / 11159 | Requires new prime field: 1221 / 11159
Probe: 1079 | Done: 0 / 11159 | Requires new prime field: 1231 / 11159
Probe: 1087 | Done: 0 / 11159 | Requires new prime field: 1232 / 11159
Probe: 1087 | Done: 0 / 11159 | Requires new prime field: 1237 / 11159
Probe: 1098 | Done: 0 / 11159 | Requires new prime field: 1239 / 11159
Probe: 1098 | Done: 0 / 11159 | Requires new prime field: 1253 / 11159
Probe: 1108 | Done: 0 / 11159 | Requires new prime field: 1255 / 11159
Probe: 1110 | Done: 0 / 11159 | Requires new prime field: 1256 / 11159
Probe: 1110 | Done: 0 / 11159 | Requires new prime field: 1273 / 11159
Probe: 1151 | Done: 0 / 11159 | Requires new prime field: 1281 / 11159
Probe: 1151 | Done: 0 / 11159 | Requires new prime field: 1284 / 11159
Probe: 1151 | Done: 0 / 11159 | Requires new prime field: 1286 / 11159
Probe: 1151 | Done: 0 / 11159 | Requires new prime field: 1298 / 11159
Probe: 1157 | Done: 0 / 11159 | Requires new prime field: 1300 / 11159
Probe: 1168 | Done: 0 / 11159 | Requires new prime field: 1320 / 11159
Probe: 1168 | Done: 0 / 11159 | Requires new prime field: 1322 / 11159
Probe: 1168 | Done: 0 / 11159 | Requires new prime field: 1332 / 11159
Probe: 1175 | Done: 0 / 11159 | Requires new prime field: 1335 / 11159
Probe: 1184 | Done: 0 / 11159 | Requires new prime field: 1337 / 11159
Probe: 1184 | Done: 0 / 11159 | Requires new prime field: 1352 / 11159
Probe: 1194 | Done: 0 / 11159 | Requires new prime field: 1353 / 11159
Probe: 1198 | Done: 0 / 11159 | Requires new prime field: 1354 / 11159
Probe: 1208 | Done: 0 / 11159 | Requires new prime field: 1355 / 11159
Probe: 1226 | Done: 0 / 11159 | Requires new prime field: 1367 / 11159
Probe: 1226 | Done: 0 / 11159 | Requires new prime field: 1395 / 11159
Probe: 1226 | Done: 0 / 11159 | Requires new prime field: 1404 / 11159
Probe: 1228 | Done: 0 / 11159 | Requires new prime field: 1423 / 11159
Probe: 1238 | Done: 0 / 11159 | Requires new prime field: 1430 / 11159
Probe: 1239 | Done: 0 / 11159 | Requires new prime field: 1438 / 11159
Probe: 1247 | Done: 0 / 11159 | Requires new prime field: 1442 / 11159
Probe: 1247 | Done: 0 / 11159 | Requires new prime field: 1444 / 11159
Probe: 1257 | Done: 0 / 11159 | Requires new prime field: 1467 / 11159
Probe: 1258 | Done: 0 / 11159 | Requires new prime field: 1487 / 11159
Probe: 1258 | Done: 0 / 11159 | Requires new prime field: 1491 / 11159
Probe: 1265 | Done: 0 / 11159 | Requires new prime field: 1493 / 11159
Probe: 1265 | Done: 0 / 11159 | Requires new prime field: 1500 / 11159
Probe: 1274 | Done: 0 / 11159 | Requires new prime field: 1501 / 11159
Probe: 1276 | Done: 0 / 11159 | Requires new prime field: 1508 / 11159
Probe: 1276 | Done: 0 / 11159 | Requires new prime field: 1513 / 11159
Probe: 1323 | Done: 0 / 11159 | Requires new prime field: 1516 / 11159
Probe: 1337 | Done: 0 / 11159 | Requires new prime field: 1518 / 11159
Probe: 1337 | Done: 0 / 11159 | Requires new prime field: 1519 / 11159
Probe: 1401 | Done: 0 / 11159 | Requires new prime field: 1521 / 11159
Probe: 1403 | Done: 0 / 11159 | Requires new prime field: 1554 / 11159
Probe: 1417 | Done: 0 / 11159 | Requires new prime field: 1566 / 11159
Probe: 1420 | Done: 0 / 11159 | Requires new prime field: 1569 / 11159
Probe: 1431 | Done: 0 / 11159 | Requires new prime field: 1575 / 11159
Probe: 1431 | Done: 0 / 11159 | Requires new prime field: 1577 / 11159
Probe: 1450 | Done: 0 / 11159 | Requires new prime field: 1591 / 11159
Probe: 1450 | Done: 0 / 11159 | Requires new prime field: 1597 / 11159
Probe: 1450 | Done: 0 / 11159 | Requires new prime field: 1616 / 11159
Probe: 1457 | Done: 0 / 11159 | Requires new prime field: 1617 / 11159
Probe: 1460 | Done: 0 / 11159 | Requires new prime field: 1623 / 11159
Probe: 1460 | Done: 0 / 11159 | Requires new prime field: 1645 / 11159
Probe: 1470 | Done: 0 / 11159 | Requires new prime field: 1652 / 11159
Probe: 1471 | Done: 0 / 11159 | Requires new prime field: 1655 / 11159
Probe: 1477 | Done: 0 / 11159 | Requires new prime field: 1656 / 11159
Probe: 1488 | Done: 0 / 11159 | Requires new prime field: 1661 / 11159
Probe: 1488 | Done: 0 / 11159 | Requires new prime field: 1666 / 11159
Probe: 1488 | Done: 0 / 11159 | Requires new prime field: 1668 / 11159
Probe: 1488 | Done: 0 / 11159 | Requires new prime field: 1669 / 11159
Probe: 1507 | Done: 0 / 11159 | Requires new prime field: 1670 / 11159
Probe: 1513 | Done: 0 / 11159 | Requires new prime field: 1676 / 11159
Probe: 1513 | Done: 0 / 11159 | Requires new prime field: 1686 / 11159
Probe: 1524 | Done: 0 / 11159 | Requires new prime field: 1687 / 11159
Probe: 1524 | Done: 0 / 11159 | Requires new prime field: 1699 / 11159
Probe: 1524 | Done: 0 / 11159 | Requires new prime field: 1702 / 11159
Probe: 1524 | Done: 0 / 11159 | Requires new prime field: 1708 / 11159
Probe: 1524 | Done: 0 / 11159 | Requires new prime field: 1709 / 11159
Probe: 1527 | Done: 0 / 11159 | Requires new prime field: 1715 / 11159
Probe: 1537 | Done: 0 / 11159 | Requires new prime field: 1736 / 11159
Probe: 1538 | Done: 0 / 11159 | Requires new prime field: 1740 / 11159
Probe: 1538 | Done: 0 / 11159 | Requires new prime field: 1741 / 11159
Probe: 1548 | Done: 0 / 11159 | Requires new prime field: 1743 / 11159
Probe: 1559 | Done: 0 / 11159 | Requires new prime field: 1746 / 11159
Probe: 1559 | Done: 0 / 11159 | Requires new prime field: 1753 / 11159
Probe: 1559 | Done: 0 / 11159 | Requires new prime field: 1773 / 11159
Probe: 1562 | Done: 0 / 11159 | Requires new prime field: 1794 / 11159
Probe: 1572 | Done: 0 / 11159 | Requires new prime field: 1825 / 11159
Probe: 1573 | Done: 0 / 11159 | Requires new prime field: 1829 / 11159
Probe: 1573 | Done: 0 / 11159 | Requires new prime field: 1867 / 11159
Probe: 1573 | Done: 0 / 11159 | Requires new prime field: 1870 / 11159
Probe: 1580 | Done: 0 / 11159 | Requires new prime field: 1874 / 11159
Probe: 1590 | Done: 0 / 11159 | Requires new prime field: 1879 / 11159
Probe: 1591 | Done: 0 / 11159 | Requires new prime field: 1883 / 11159
Probe: 1591 | Done: 0 / 11159 | Requires new prime field: 1902 / 11159
Probe: 1594 | Done: 0 / 11159 | Requires new prime field: 1904 / 11159
Probe: 1604 | Done: 0 / 11159 | Requires new prime field: 1908 / 11159
Probe: 1604 | Done: 0 / 11159 | Requires new prime field: 1917 / 11159
Probe: 1632 | Done: 0 / 11159 | Requires new prime field: 1918 / 11159
Probe: 1632 | Done: 0 / 11159 | Requires new prime field: 1958 / 11159
Probe: 1632 | Done: 0 / 11159 | Requires new prime field: 1960 / 11159
Probe: 1632 | Done: 0 / 11159 | Requires new prime field: 1970 / 11159
Probe: 1702 | Done: 0 / 11159 | Requires new prime field: 1972 / 11159
Probe: 1749 | Done: 0 / 11159 | Requires new prime field: 1974 / 11159
Probe: 1756 | Done: 0 / 11159 | Requires new prime field: 1976 / 11159
Probe: 1766 | Done: 0 / 11159 | Requires new prime field: 1979 / 11159
Probe: 1776 | Done: 0 / 11159 | Requires new prime field: 2006 / 11159
Probe: 1777 | Done: 0 / 11159 | Requires new prime field: 2007 / 11159
Probe: 1796 | Done: 0 / 11159 | Requires new prime field: 2008 / 11159
Probe: 1798 | Done: 0 / 11159 | Requires new prime field: 2009 / 11159
Probe: 1798 | Done: 0 / 11159 | Requires new prime field: 2011 / 11159
Probe: 1798 | Done: 0 / 11159 | Requires new prime field: 2020 / 11159
Probe: 1804 | Done: 0 / 11159 | Requires new prime field: 2022 / 11159
Probe: 1814 | Done: 0 / 11159 | Requires new prime field: 2040 / 11159
Probe: 1815 | Done: 0 / 11159 | Requires new prime field: 2041 / 11159
Probe: 1818 | Done: 0 / 11159 | Requires new prime field: 2050 / 11159
Probe: 1828 | Done: 0 / 11159 | Requires new prime field: 2052 / 11159
Probe: 1829 | Done: 0 / 11159 | Requires new prime field: 2053 / 11159
Probe: 1829 | Done: 0 / 11159 | Requires new prime field: 2068 / 11159
Probe: 1829 | Done: 0 / 11159 | Requires new prime field: 2071 / 11159
Probe: 1848 | Done: 0 / 11159 | Requires new prime field: 2112 / 11159
Probe: 1851 | Done: 0 / 11159 | Requires new prime field: 2117 / 11159
Probe: 1851 | Done: 0 / 11159 | Requires new prime field: 2128 / 11159
Probe: 1853 | Done: 0 / 11159 | Requires new prime field: 2129 / 11159
Probe: 1863 | Done: 0 / 11159 | Requires new prime field: 2138 / 11159
Probe: 1865 | Done: 0 / 11159 | Requires new prime field: 2143 / 11159
Probe: 1866 | Done: 0 / 11159 | Requires new prime field: 2144 / 11159
Probe: 1866 | Done: 0 / 11159 | Requires new prime field: 2146 / 11159
Probe: 1877 | Done: 0 / 11159 | Requires new prime field: 2160 / 11159
Probe: 1877 | Done: 0 / 11159 | Requires new prime field: 2166 / 11159
Probe: 1898 | Done: 0 / 11159 | Requires new prime field: 2172 / 11159
Probe: 1927 | Done: 0 / 11159 | Requires new prime field: 2173 / 11159
Probe: 1933 | Done: 0 / 11159 | Requires new prime field: 2176 / 11159
Probe: 1933 | Done: 0 / 11159 | Requires new prime field: 2180 / 11159
Probe: 1945 | Done: 0 / 11159 | Requires new prime field: 2181 / 11159
Probe: 1945 | Done: 0 / 11159 | Requires new prime field: 2185 / 11159
Probe: 1945 | Done: 0 / 11159 | Requires new prime field: 2193 / 11159
Probe: 1962 | Done: 0 / 11159 | Requires new prime field: 2211 / 11159
Probe: 1963 | Done: 0 / 11159 | Requires new prime field: 2214 / 11159
Probe: 1963 | Done: 0 / 11159 | Requires new prime field: 2215 / 11159
Probe: 1988 | Done: 0 / 11159 | Requires new prime field: 2220 / 11159
Probe: 1993 | Done: 0 / 11159 | Requires new prime field: 2228 / 11159
Probe: 2003 | Done: 0 / 11159 | Requires new prime field: 2233 / 11159
Probe: 2024 | Done: 0 / 11159 | Requires new prime field: 2234 / 11159
Probe: 2032 | Done: 0 / 11159 | Requires new prime field: 2239 / 11159
Probe: 2032 | Done: 0 / 11159 | Requires new prime field: 2253 / 11159
Probe: 2044 | Done: 0 / 11159 | Requires new prime field: 2257 / 11159
Probe: 2044 | Done: 0 / 11159 | Requires new prime field: 2263 / 11159
Probe: 2044 | Done: 0 / 11159 | Requires new prime field: 2267 / 11159
Probe: 2147 | Done: 0 / 11159 | Requires new prime field: 2269 / 11159
Probe: 2147 | Done: 0 / 11159 | Requires new prime field: 2270 / 11159
Probe: 2147 | Done: 0 / 11159 | Requires new prime field: 2272 / 11159
Probe: 2158 | Done: 0 / 11159 | Requires new prime field: 2288 / 11159
Probe: 2169 | Done: 0 / 11159 | Requires new prime field: 2289 / 11159
Probe: 2169 | Done: 0 / 11159 | Requires new prime field: 2290 / 11159
Probe: 2175 | Done: 0 / 11159 | Requires new prime field: 2293 / 11159
Probe: 2175 | Done: 0 / 11159 | Requires new prime field: 2295 / 11159
Probe: 2183 | Done: 0 / 11159 | Requires new prime field: 2312 / 11159
Probe: 2183 | Done: 0 / 11159 | Requires new prime field: 2318 / 11159
Probe: 2193 | Done: 0 / 11159 | Requires new prime field: 2327 / 11159
Probe: 2194 | Done: 0 / 11159 | Requires new prime field: 2334 / 11159
Probe: 2194 | Done: 0 / 11159 | Requires new prime field: 2335 / 11159
Probe: 2194 | Done: 0 / 11159 | Requires new prime field: 2356 / 11159
Probe: 2201 | Done: 0 / 11159 | Requires new prime field: 2357 / 11159
Probe: 2206 | Done: 0 / 11159 | Requires new prime field: 2359 / 11159
Probe: 2206 | Done: 0 / 11159 | Requires new prime field: 2375 / 11159
Probe: 2206 | Done: 0 / 11159 | Requires new prime field: 2385 / 11159
Probe: 2221 | Done: 0 / 11159 | Requires new prime field: 2387 / 11159
Probe: 2223 | Done: 0 / 11159 | Requires new prime field: 2393 / 11159
Probe: 2223 | Done: 0 / 11159 | Requires new prime field: 2395 / 11159
Probe: 2223 | Done: 0 / 11159 | Requires new prime field: 2400 / 11159
Probe: 2223 | Done: 0 / 11159 | Requires new prime field: 2424 / 11159
Probe: 2233 | Done: 0 / 11159 | Requires new prime field: 2430 / 11159
Probe: 2235 | Done: 0 / 11159 | Requires new prime field: 2448 / 11159
Probe: 2251 | Done: 0 / 11159 | Requires new prime field: 2449 / 11159
Probe: 2271 | Done: 0 / 11159 | Requires new prime field: 2450 / 11159
Probe: 2276 | Done: 0 / 11159 | Requires new prime field: 2451 / 11159
Probe: 2286 | Done: 0 / 11159 | Requires new prime field: 2454 / 11159
Probe: 2287 | Done: 0 / 11159 | Requires new prime field: 2474 / 11159
Probe: 2288 | Done: 0 / 11159 | Requires new prime field: 2476 / 11159
Probe: 2289 | Done: 0 / 11159 | Requires new prime field: 2481 / 11159
Probe: 2300 | Done: 0 / 11159 | Requires new prime field: 2487 / 11159
Probe: 2300 | Done: 0 / 11159 | Requires new prime field: 2488 / 11159
Probe: 2300 | Done: 0 / 11159 | Requires new prime field: 2489 / 11159
Probe: 2304 | Done: 0 / 11159 | Requires new prime field: 2490 / 11159
Probe: 2308 | Done: 0 / 11159 | Requires new prime field: 2492 / 11159
Probe: 2318 | Done: 0 / 11159 | Requires new prime field: 2533 / 11159
Probe: 2319 | Done: 0 / 11159 | Requires new prime field: 2534 / 11159
Probe: 2319 | Done: 0 / 11159 | Requires new prime field: 2538 / 11159
Probe: 2330 | Done: 0 / 11159 | Requires new prime field: 2539 / 11159
Probe: 2330 | Done: 0 / 11159 | Requires new prime field: 2540 / 11159
Probe: 2337 | Done: 0 / 11159 | Requires new prime field: 2542 / 11159
Probe: 2377 | Done: 0 / 11159 | Requires new prime field: 2543 / 11159
Probe: 2377 | Done: 0 / 11159 | Requires new prime field: 2545 / 11159
Probe: 2549 | Done: 0 / 11159 | Requires new prime field: 2549 / 11159
Probe: 2549 | Done: 0 / 11159 | Requires new prime field: 2552 / 11159
Probe: 2549 | Done: 0 / 11159 | Requires new prime field: 2554 / 11159
Probe: 2551 | Done: 0 / 11159 | Requires new prime field: 2558 / 11159
Probe: 2551 | Done: 0 / 11159 | Requires new prime field: 2560 / 11159
Probe: 2563 | Done: 0 / 11159 | Requires new prime field: 2562 / 11159
Probe: 2578 | Done: 0 / 11159 | Requires new prime field: 2565 / 11159
Probe: 2578 | Done: 0 / 11159 | Requires new prime field: 2566 / 11159
Probe: 2583 | Done: 0 / 11159 | Requires new prime field: 2567 / 11159
Probe: 2593 | Done: 0 / 11159 | Requires new prime field: 2569 / 11159
Probe: 2594 | Done: 0 / 11159 | Requires new prime field: 2570 / 11159
Probe: 2594 | Done: 0 / 11159 | Requires new prime field: 2571 / 11159
Probe: 2594 | Done: 0 / 11159 | Requires new prime field: 2572 / 11159
Probe: 2608 | Done: 0 / 11159 | Requires new prime field: 2582 / 11159
Probe: 2608 | Done: 0 / 11159 | Requires new prime field: 2585 / 11159
Probe: 2618 | Done: 0 / 11159 | Requires new prime field: 2597 / 11159
Probe: 2623 | Done: 0 / 11159 | Requires new prime field: 2600 / 11159
Probe: 2636 | Done: 0 / 11159 | Requires new prime field: 2623 / 11159
Probe: 2638 | Done: 0 / 11159 | Requires new prime field: 2626 / 11159
Probe: 2638 | Done: 0 / 11159 | Requires new prime field: 2629 / 11159
Probe: 2638 | Done: 0 / 11159 | Requires new prime field: 2630 / 11159
Probe: 2656 | Done: 0 / 11159 | Requires new prime field: 2637 / 11159
Probe: 2675 | Done: 0 / 11159 | Requires new prime field: 2638 / 11159
Probe: 2691 | Done: 0 / 11159 | Requires new prime field: 2642 / 11159
Probe: 2701 | Done: 0 / 11159 | Requires new prime field: 2645 / 11159
Probe: 2701 | Done: 0 / 11159 | Requires new prime field: 2659 / 11159
Probe: 2711 | Done: 0 / 11159 | Requires new prime field: 2674 / 11159
Probe: 2713 | Done: 0 / 11159 | Requires new prime field: 2679 / 11159
Probe: 2714 | Done: 0 / 11159 | Requires new prime field: 2687 / 11159
Probe: 2724 | Done: 0 / 11159 | Requires new prime field: 2694 / 11159
Probe: 2725 | Done: 0 / 11159 | Requires new prime field: 2695 / 11159
Probe: 2750 | Done: 0 / 11159 | Requires new prime field: 2697 / 11159
Probe: 2770 | Done: 0 / 11159 | Requires new prime field: 2705 / 11159
Probe: 2772 | Done: 0 / 11159 | Requires new prime field: 2706 / 11159
Probe: 2772 | Done: 0 / 11159 | Requires new prime field: 2707 / 11159
Probe: 2785 | Done: 0 / 11159 | Requires new prime field: 2721 / 11159
Probe: 2786 | Done: 0 / 11159 | Requires new prime field: 2727 / 11159
Probe: 2786 | Done: 0 / 11159 | Requires new prime field: 2728 / 11159
Probe: 2806 | Done: 0 / 11159 | Requires new prime field: 2729 / 11159
Probe: 2806 | Done: 0 / 11159 | Requires new prime field: 2730 / 11159
Probe: 2834 | Done: 0 / 11159 | Requires new prime field: 2731 / 11159
Probe: 2845 | Done: 0 / 11159 | Requires new prime field: 2733 / 11159
Probe: 2845 | Done: 0 / 11159 | Requires new prime field: 2736 / 11159
Probe: 2845 | Done: 0 / 11159 | Requires new prime field: 2737 / 11159
Probe: 2858 | Done: 0 / 11159 | Requires new prime field: 2738 / 11159
Probe: 2870 | Done: 0 / 11159 | Requires new prime field: 2741 / 11159
Probe: 2920 | Done: 0 / 11159 | Requires new prime field: 2744 / 11159
Probe: 2920 | Done: 0 / 11159 | Requires new prime field: 2745 / 11159
Probe: 2927 | Done: 0 / 11159 | Requires new prime field: 2750 / 11159
Probe: 3069 | Done: 0 / 11159 | Requires new prime field: 2753 / 11159
Probe: 3120 | Done: 0 / 11159 | Requires new prime field: 2758 / 11159
Probe: 3135 | Done: 0 / 11159 | Requires new prime field: 2763 / 11159
Probe: 3135 | Done: 0 / 11159 | Requires new prime field: 2770 / 11159
Probe: 3147 | Done: 0 / 11159 | Requires new prime field: 2771 / 11159
Probe: 3155 | Done: 0 / 11159 | Requires new prime field: 2774 / 11159
Probe: 3155 | Done: 0 / 11159 | Requires new prime field: 2782 / 11159
Probe: 3165 | Done: 0 / 11159 | Requires new prime field: 2785 / 11159
Probe: 3277 | Done: 0 / 11159 | Requires new prime field: 2789 / 11159
Probe: 3277 | Done: 0 / 11159 | Requires new prime field: 2790 / 11159
Probe: 3286 | Done: 0 / 11159 | Requires new prime field: 2791 / 11159
Probe: 3329 | Done: 0 / 11159 | Requires new prime field: 2792 / 11159
Probe: 3332 | Done: 0 / 11159 | Requires new prime field: 2793 / 11159
Probe: 3343 | Done: 0 / 11159 | Requires new prime field: 2797 / 11159
Probe: 3343 | Done: 0 / 11159 | Requires new prime field: 2798 / 11159
Probe: 3347 | Done: 0 / 11159 | Requires new prime field: 2802 / 11159
Probe: 3354 | Done: 0 / 11159 | Requires new prime field: 2803 / 11159
Probe: 3365 | Done: 0 / 11159 | Requires new prime field: 2810 / 11159
Probe: 3365 | Done: 0 / 11159 | Requires new prime field: 2814 / 11159
Probe: 3365 | Done: 0 / 11159 | Requires new prime field: 2824 / 11159
Probe: 3375 | Done: 0 / 11159 | Requires new prime field: 2825 / 11159
Probe: 3376 | Done: 0 / 11159 | Requires new prime field: 2832 / 11159
Probe: 3377 | Done: 0 / 11159 | Requires new prime field: 2839 / 11159
Probe: 3395 | Done: 0 / 11159 | Requires new prime field: 2843 / 11159
Probe: 3411 | Done: 0 / 11159 | Requires new prime field: 2849 / 11159
Probe: 3411 | Done: 0 / 11159 | Requires new prime field: 2852 / 11159
Probe: 3437 | Done: 0 / 11159 | Requires new prime field: 2855 / 11159
Probe: 3437 | Done: 0 / 11159 | Requires new prime field: 2856 / 11159
Probe: 3437 | Done: 0 / 11159 | Requires new prime field: 2858 / 11159
Probe: 3437 | Done: 0 / 11159 | Requires new prime field: 2859 / 11159
Probe: 3456 | Done: 0 / 11159 | Requires new prime field: 2861 / 11159
Probe: 3468 | Done: 0 / 11159 | Requires new prime field: 2865 / 11159
Probe: 3485 | Done: 0 / 11159 | Requires new prime field: 2867 / 11159
Probe: 3768 | Done: 0 / 11159 | Requires new prime field: 2869 / 11159
Probe: 3768 | Done: 0 / 11159 | Requires new prime field: 2870 / 11159
Probe: 3783 | Done: 0 / 11159 | Requires new prime field: 2872 / 11159
Probe: 3783 | Done: 0 / 11159 | Requires new prime field: 2875 / 11159
Probe: 3797 | Done: 0 / 11159 | Requires new prime field: 2879 / 11159
Probe: 3798 | Done: 0 / 11159 | Requires new prime field: 2880 / 11159
Probe: 3798 | Done: 0 / 11159 | Requires new prime field: 2882 / 11159
Probe: 3798 | Done: 0 / 11159 | Requires new prime field: 2887 / 11159
Probe: 3804 | Done: 0 / 11159 | Requires new prime field: 2890 / 11159
Probe: 3814 | Done: 0 / 11159 | Requires new prime field: 2903 / 11159
Probe: 3900 | Done: 0 / 11159 | Requires new prime field: 2904 / 11159
Probe: 3900 | Done: 0 / 11159 | Requires new prime field: 2908 / 11159
Probe: 3918 | Done: 0 / 11159 | Requires new prime field: 2909 / 11159
Probe: 3920 | Done: 0 / 11159 | Requires new prime field: 2910 / 11159
Probe: 3937 | Done: 0 / 11159 | Requires new prime field: 2914 / 11159
Probe: 3950 | Done: 0 / 11159 | Requires new prime field: 2916 / 11159
Probe: 3965 | Done: 0 / 11159 | Requires new prime field: 2917 / 11159
Probe: 3966 | Done: 0 / 11159 | Requires new prime field: 2924 / 11159
Probe: 3966 | Done: 0 / 11159 | Requires new prime field: 2931 / 11159
Probe: 3966 | Done: 0 / 11159 | Requires new prime field: 2932 / 11159
Probe: 3966 | Done: 0 / 11159 | Requires new prime field: 2940 / 11159
Probe: 3984 | Done: 0 / 11159 | Requires new prime field: 2942 / 11159
Probe: 3995 | Done: 0 / 11159 | Requires new prime field: 2944 / 11159
Probe: 3995 | Done: 0 / 11159 | Requires new prime field: 2945 / 11159
Probe: 4010 | Done: 0 / 11159 | Requires new prime field: 2946 / 11159
Probe: 4010 | Done: 0 / 11159 | Requires new prime field: 2951 / 11159
Probe: 4010 | Done: 0 / 11159 | Requires new prime field: 2966 / 11159
Probe: 4016 | Done: 0 / 11159 | Requires new prime field: 2967 / 11159
Probe: 4020 | Done: 0 / 11159 | Requires new prime field: 2968 / 11159
Probe: 4020 | Done: 0 / 11159 | Requires new prime field: 2972 / 11159
Probe: 4032 | Done: 0 / 11159 | Requires new prime field: 2973 / 11159
Probe: 4036 | Done: 0 / 11159 | Requires new prime field: 2974 / 11159
Probe: 4048 | Done: 0 / 11159 | Requires new prime field: 2984 / 11159
Probe: 4048 | Done: 0 / 11159 | Requires new prime field: 2985 / 11159
Probe: 4053 | Done: 0 / 11159 | Requires new prime field: 2987 / 11159
Probe: 4063 | Done: 0 / 11159 | Requires new prime field: 2990 / 11159
Probe: 4064 | Done: 0 / 11159 | Requires new prime field: 2997 / 11159
Probe: 4075 | Done: 0 / 11159 | Requires new prime field: 3000 / 11159
Probe: 4089 | Done: 0 / 11159 | Requires new prime field: 3001 / 11159
Probe: 4090 | Done: 0 / 11159 | Requires new prime field: 3002 / 11159
Probe: 4090 | Done: 0 / 11159 | Requires new prime field: 3024 / 11159
Probe: 4135 | Done: 0 / 11159 | Requires new prime field: 3025 / 11159
Probe: 4145 | Done: 0 / 11159 | Requires new prime field: 3027 / 11159
Probe: 4176 | Done: 0 / 11159 | Requires new prime field: 3028 / 11159
Probe: 4541 | Done: 0 / 11159 | Requires new prime field: 3029 / 11159
Probe: 4543 | Done: 0 / 11159 | Requires new prime field: 3030 / 11159
Probe: 4543 | Done: 0 / 11159 | Requires new prime field: 3031 / 11159
Probe: 4546 | Done: 0 / 11159 | Requires new prime field: 3038 / 11159
Probe: 4556 | Done: 0 / 11159 | Requires new prime field: 3042 / 11159
Probe: 4556 | Done: 0 / 11159 | Requires new prime field: 3043 / 11159
Probe: 4559 | Done: 0 / 11159 | Requires new prime field: 3048 / 11159
Probe: 4576 | Done: 0 / 11159 | Requires new prime field: 3049 / 11159
Probe: 4596 | Done: 0 / 11159 | Requires new prime field: 3053 / 11159
Probe: 4709 | Done: 0 / 11159 | Requires new prime field: 3054 / 11159
Probe: 4715 | Done: 0 / 11159 | Requires new prime field: 3059 / 11159
Probe: 4739 | Done: 0 / 11159 | Requires new prime field: 3060 / 11159
Probe: 4739 | Done: 0 / 11159 | Requires new prime field: 3062 / 11159
Probe: 4739 | Done: 0 / 11159 | Requires new prime field: 3067 / 11159
Probe: 4739 | Done: 0 / 11159 | Requires new prime field: 3070 / 11159
Probe: 4739 | Done: 0 / 11159 | Requires new prime field: 3074 / 11159
Probe: 4740 | Done: 0 / 11159 | Requires new prime field: 3076 / 11159
Probe: 4776 | Done: 0 / 11159 | Requires new prime field: 3084 / 11159
Probe: 4807 | Done: 0 / 11159 | Requires new prime field: 3085 / 11159
Probe: 4808 | Done: 0 / 11159 | Requires new prime field: 3093 / 11159
Probe: 4808 | Done: 0 / 11159 | Requires new prime field: 3095 / 11159
Probe: 4814 | Done: 0 / 11159 | Requires new prime field: 3096 / 11159
Probe: 4820 | Done: 0 / 11159 | Requires new prime field: 3101 / 11159
Probe: 4820 | Done: 0 / 11159 | Requires new prime field: 3104 / 11159
Probe: 4824 | Done: 0 / 11159 | Requires new prime field: 3105 / 11159
Probe: 4834 | Done: 0 / 11159 | Requires new prime field: 3109 / 11159
Probe: 4836 | Done: 0 / 11159 | Requires new prime field: 3113 / 11159
Probe: 4839 | Done: 0 / 11159 | Requires new prime field: 3114 / 11159
Probe: 4850 | Done: 0 / 11159 | Requires new prime field: 3115 / 11159
Probe: 4865 | Done: 0 / 11159 | Requires new prime field: 3120 / 11159
Probe: 4876 | Done: 0 / 11159 | Requires new prime field: 3123 / 11159
Probe: 4876 | Done: 0 / 11159 | Requires new prime field: 3133 / 11159
Probe: 4887 | Done: 0 / 11159 | Requires new prime field: 3134 / 11159
Probe: 4887 | Done: 0 / 11159 | Requires new prime field: 3139 / 11159
Probe: 4887 | Done: 0 / 11159 | Requires new prime field: 3142 / 11159
Probe: 4889 | Done: 0 / 11159 | Requires new prime field: 3151 / 11159
Probe: 4908 | Done: 0 / 11159 | Requires new prime field: 3160 / 11159
Probe: 4908 | Done: 0 / 11159 | Requires new prime field: 3161 / 11159
Probe: 4908 | Done: 0 / 11159 | Requires new prime field: 3169 / 11159
Probe: 4908 | Done: 0 / 11159 | Requires new prime field: 3175 / 11159
Probe: 4908 | Done: 0 / 11159 | Requires new prime field: 3178 / 11159
Probe: 4921 | Done: 0 / 11159 | Requires new prime field: 3180 / 11159
Probe: 4921 | Done: 0 / 11159 | Requires new prime field: 3212 / 11159
Probe: 4921 | Done: 0 / 11159 | Requires new prime field: 3213 / 11159
Probe: 4921 | Done: 0 / 11159 | Requires new prime field: 3215 / 11159
Probe: 4934 | Done: 0 / 11159 | Requires new prime field: 3216 / 11159
Probe: 4934 | Done: 0 / 11159 | Requires new prime field: 3225 / 11159
Probe: 4947 | Done: 0 / 11159 | Requires new prime field: 3226 / 11159
Probe: 4947 | Done: 0 / 11159 | Requires new prime field: 3228 / 11159
Probe: 4947 | Done: 0 / 11159 | Requires new prime field: 3230 / 11159
Probe: 4951 | Done: 0 / 11159 | Requires new prime field: 3231 / 11159
Probe: 4957 | Done: 0 / 11159 | Requires new prime field: 3232 / 11159
Probe: 4960 | Done: 0 / 11159 | Requires new prime field: 3233 / 11159
Probe: 4989 | Done: 0 / 11159 | Requires new prime field: 3236 / 11159
Probe: 4989 | Done: 0 / 11159 | Requires new prime field: 3238 / 11159
Probe: 5005 | Done: 0 / 11159 | Requires new prime field: 3242 / 11159
Probe: 5050 | Done: 0 / 11159 | Requires new prime field: 3243 / 11159
Probe: 5306 | Done: 0 / 11159 | Requires new prime field: 3244 / 11159
Probe: 5306 | Done: 0 / 11159 | Requires new prime field: 3245 / 11159
Probe: 5320 | Done: 0 / 11159 | Requires new prime field: 3249 / 11159
Probe: 5320 | Done: 0 / 11159 | Requires new prime field: 3251 / 11159
Probe: 5320 | Done: 0 / 11159 | Requires new prime field: 3258 / 11159
Probe: 5320 | Done: 0 / 11159 | Requires new prime field: 3265 / 11159
Probe: 5366 | Done: 0 / 11159 | Requires new prime field: 3267 / 11159
Probe: 5372 | Done: 0 / 11159 | Requires new prime field: 3268 / 11159
Probe: 5383 | Done: 0 / 11159 | Requires new prime field: 3276 / 11159
Probe: 5385 | Done: 0 / 11159 | Requires new prime field: 3278 / 11159
Probe: 5392 | Done: 0 / 11159 | Requires new prime field: 3279 / 11159
Probe: 5424 | Done: 0 / 11159 | Requires new prime field: 3284 / 11159
Probe: 5424 | Done: 0 / 11159 | Requires new prime field: 3290 / 11159
Probe: 5432 | Done: 0 / 11159 | Requires new prime field: 3291 / 11159
Probe: 5442 | Done: 0 / 11159 | Requires new prime field: 3302 / 11159
Probe: 5443 | Done: 0 / 11159 | Requires new prime field: 3305 / 11159
Probe: 5454 | Done: 0 / 11159 | Requires new prime field: 3309 / 11159
Probe: 5454 | Done: 0 / 11159 | Requires new prime field: 3310 / 11159
Probe: 5460 | Done: 0 / 11159 | Requires new prime field: 3318 / 11159
Probe: 5465 | Done: 0 / 11159 | Requires new prime field: 3339 / 11159
Probe: 5471 | Done: 0 / 11159 | Requires new prime field: 3342 / 11159
Probe: 5471 | Done: 0 / 11159 | Requires new prime field: 3344 / 11159
Probe: 5495 | Done: 0 / 11159 | Requires new prime field: 3362 / 11159
Probe: 5500 | Done: 0 / 11159 | Requires new prime field: 3364 / 11159
Probe: 5506 | Done: 0 / 11159 | Requires new prime field: 3365 / 11159
Probe: 5509 | Done: 0 / 11159 | Requires new prime field: 3366 / 11159
Probe: 5509 | Done: 0 / 11159 | Requires new prime field: 3370 / 11159
Probe: 5509 | Done: 0 / 11159 | Requires new prime field: 3371 / 11159
Probe: 5516 | Done: 0 / 11159 | Requires new prime field: 3374 / 11159
Probe: 5524 | Done: 0 / 11159 | Requires new prime field: 3375 / 11159
Probe: 5534 | Done: 0 / 11159 | Requires new prime field: 3377 / 11159
Probe: 5545 | Done: 0 / 11159 | Requires new prime field: 3379 / 11159
Probe: 5549 | Done: 0 / 11159 | Requires new prime field: 3380 / 11159
Probe: 5549 | Done: 0 / 11159 | Requires new prime field: 3381 / 11159
Probe: 5559 | Done: 0 / 11159 | Requires new prime field: 3390 / 11159
Probe: 5563 | Done: 0 / 11159 | Requires new prime field: 3391 / 11159
Probe: 5564 | Done: 0 / 11159 | Requires new prime field: 3392 / 11159
Probe: 5575 | Done: 0 / 11159 | Requires new prime field: 3399 / 11159
Probe: 5589 | Done: 0 / 11159 | Requires new prime field: 3400 / 11159
Probe: 5590 | Done: 0 / 11159 | Requires new prime field: 3401 / 11159
Probe: 5591 | Done: 0 / 11159 | Requires new prime field: 3405 / 11159
Probe: 5672 | Done: 0 / 11159 | Requires new prime field: 3406 / 11159
Probe: 5695 | Done: 0 / 11159 | Requires new prime field: 3408 / 11159
Probe: 6026 | Done: 0 / 11159 | Requires new prime field: 3410 / 11159
Probe: 6026 | Done: 0 / 11159 | Requires new prime field: 3411 / 11159
Probe: 6026 | Done: 0 / 11159 | Requires new prime field: 3412 / 11159
Probe: 6104 | Done: 0 / 11159 | Requires new prime field: 3417 / 11159
Probe: 6109 | Done: 0 / 11159 | Requires new prime field: 3425 / 11159
Probe: 6109 | Done: 0 / 11159 | Requires new prime field: 3430 / 11159
Probe: 6116 | Done: 0 / 11159 | Requires new prime field: 3432 / 11159
Probe: 6126 | Done: 0 / 11159 | Requires new prime field: 3480 / 11159
Probe: 6129 | Done: 0 / 11159 | Requires new prime field: 3481 / 11159
Probe: 6139 | Done: 0 / 11159 | Requires new prime field: 3489 / 11159
Probe: 6159 | Done: 0 / 11159 | Requires new prime field: 3492 / 11159
Probe: 6159 | Done: 0 / 11159 | Requires new prime field: 3497 / 11159
Probe: 6159 | Done: 0 / 11159 | Requires new prime field: 3498 / 11159
Probe: 6162 | Done: 0 / 11159 | Requires new prime field: 3504 / 11159
Probe: 6184 | Done: 0 / 11159 | Requires new prime field: 3505 / 11159
Probe: 6194 | Done: 0 / 11159 | Requires new prime field: 3507 / 11159
Probe: 6205 | Done: 0 / 11159 | Requires new prime field: 3514 / 11159
Probe: 6207 | Done: 0 / 11159 | Requires new prime field: 3516 / 11159
Probe: 6216 | Done: 0 / 11159 | Requires new prime field: 3531 / 11159
Probe: 6228 | Done: 0 / 11159 | Requires new prime field: 3532 / 11159
Probe: 6228 | Done: 0 / 11159 | Requires new prime field: 3537 / 11159
Probe: 6231 | Done: 0 / 11159 | Requires new prime field: 3538 / 11159
Probe: 6243 | Done: 0 / 11159 | Requires new prime field: 3541 / 11159
Probe: 6243 | Done: 0 / 11159 | Requires new prime field: 3542 / 11159
Probe: 6243 | Done: 0 / 11159 | Requires new prime field: 3543 / 11159
Probe: 6246 | Done: 0 / 11159 | Requires new prime field: 3548 / 11159
Probe: 6246 | Done: 0 / 11159 | Requires new prime field: 3550 / 11159
Probe: 6256 | Done: 0 / 11159 | Requires new prime field: 3552 / 11159
Probe: 6257 | Done: 0 / 11159 | Requires new prime field: 3554 / 11159
Probe: 6261 | Done: 0 / 11159 | Requires new prime field: 3563 / 11159
Probe: 6273 | Done: 0 / 11159 | Requires new prime field: 3574 / 11159
Probe: 6274 | Done: 0 / 11159 | Requires new prime field: 3575 / 11159
Probe: 6274 | Done: 0 / 11159 | Requires new prime field: 3576 / 11159
Probe: 6274 | Done: 0 / 11159 | Requires new prime field: 3577 / 11159
Probe: 6274 | Done: 0 / 11159 | Requires new prime field: 3578 / 11159
Probe: 6276 | Done: 0 / 11159 | Requires new prime field: 3579 / 11159
Probe: 6276 | Done: 0 / 11159 | Requires new prime field: 3580 / 11159
Probe: 6283 | Done: 0 / 11159 | Requires new prime field: 3609 / 11159
Probe: 6288 | Done: 0 / 11159 | Requires new prime field: 3613 / 11159
Probe: 6288 | Done: 0 / 11159 | Requires new prime field: 3614 / 11159
Probe: 6292 | Done: 0 / 11159 | Requires new prime field: 3619 / 11159
Probe: 6300 | Done: 0 / 11159 | Requires new prime field: 3620 / 11159
Probe: 6322 | Done: 0 / 11159 | Requires new prime field: 3621 / 11159
Probe: 6337 | Done: 0 / 11159 | Requires new prime field: 3643 / 11159
Probe: 6339 | Done: 0 / 11159 | Requires new prime field: 3647 / 11159
Probe: 6343 | Done: 0 / 11159 | Requires new prime field: 3654 / 11159
Probe: 6351 | Done: 0 / 11159 | Requires new prime field: 3655 / 11159
Probe: 6355 | Done: 0 / 11159 | Requires new prime field: 3657 / 11159
Probe: 6355 | Done: 0 / 11159 | Requires new prime field: 3658 / 11159
Probe: 6361 | Done: 0 / 11159 | Requires new prime field: 3668 / 11159
Probe: 6366 | Done: 0 / 11159 | Requires new prime field: 3673 / 11159
Probe: 6374 | Done: 0 / 11159 | Requires new prime field: 3674 / 11159
Probe: 6398 | Done: 0 / 11159 | Requires new prime field: 3675 / 11159
Probe: 6398 | Done: 0 / 11159 | Requires new prime field: 3676 / 11159
Probe: 6402 | Done: 0 / 11159 | Requires new prime field: 3679 / 11159
Probe: 6413 | Done: 0 / 11159 | Requires new prime field: 3682 / 11159
Probe: 6413 | Done: 0 / 11159 | Requires new prime field: 3686 / 11159
Probe: 6432 | Done: 0 / 11159 | Requires new prime field: 3688 / 11159
Probe: 6449 | Done: 0 / 11159 | Requires new prime field: 3692 / 11159
Probe: 6485 | Done: 0 / 11159 | Requires new prime field: 3693 / 11159
Probe: 6499 | Done: 0 / 11159 | Requires new prime field: 3694 / 11159
Probe: 6507 | Done: 0 / 11159 | Requires new prime field: 3697 / 11159
Probe: 6528 | Done: 0 / 11159 | Requires new prime field: 3719 / 11159
Probe: 7038 | Done: 0 / 11159 | Requires new prime field: 3720 / 11159
Probe: 7049 | Done: 0 / 11159 | Requires new prime field: 3750 / 11159
Probe: 7092 | Done: 0 / 11159 | Requires new prime field: 3752 / 11159
Probe: 7095 | Done: 0 / 11159 | Requires new prime field: 3754 / 11159
Probe: 7106 | Done: 0 / 11159 | Requires new prime field: 3755 / 11159
Probe: 7114 | Done: 0 / 11159 | Requires new prime field: 3756 / 11159
Probe: 7114 | Done: 0 / 11159 | Requires new prime field: 3757 / 11159
Probe: 7123 | Done: 0 / 11159 | Requires new prime field: 3758 / 11159
Probe: 7136 | Done: 0 / 11159 | Requires new prime field: 3762 / 11159
Probe: 7136 | Done: 0 / 11159 | Requires new prime field: 3773 / 11159
Probe: 7141 | Done: 0 / 11159 | Requires new prime field: 3774 / 11159
Probe: 7147 | Done: 0 / 11159 | Requires new prime field: 3776 / 11159
Probe: 7155 | Done: 0 / 11159 | Requires new prime field: 3777 / 11159
Probe: 7155 | Done: 0 / 11159 | Requires new prime field: 3781 / 11159
Probe: 7162 | Done: 0 / 11159 | Requires new prime field: 3783 / 11159
Probe: 7182 | Done: 0 / 11159 | Requires new prime field: 3786 / 11159
Probe: 7187 | Done: 0 / 11159 | Requires new prime field: 3788 / 11159
Probe: 7195 | Done: 0 / 11159 | Requires new prime field: 3792 / 11159
Probe: 7198 | Done: 0 / 11159 | Requires new prime field: 3793 / 11159
Probe: 7208 | Done: 0 / 11159 | Requires new prime field: 3795 / 11159
Probe: 7218 | Done: 0 / 11159 | Requires new prime field: 3800 / 11159
Probe: 7219 | Done: 0 / 11159 | Requires new prime field: 3801 / 11159
Probe: 7225 | Done: 0 / 11159 | Requires new prime field: 3804 / 11159
Probe: 7228 | Done: 0 / 11159 | Requires new prime field: 3807 / 11159
Probe: 7232 | Done: 0 / 11159 | Requires new prime field: 3815 / 11159
Probe: 7243 | Done: 0 / 11159 | Requires new prime field: 3817 / 11159
Probe: 7243 | Done: 0 / 11159 | Requires new prime field: 3819 / 11159
Probe: 7243 | Done: 0 / 11159 | Requires new prime field: 3821 / 11159
Probe: 7250 | Done: 0 / 11159 | Requires new prime field: 3822 / 11159
Probe: 7250 | Done: 0 / 11159 | Requires new prime field: 3823 / 11159
Probe: 7259 | Done: 0 / 11159 | Requires new prime field: 3826 / 11159
Probe: 7259 | Done: 0 / 11159 | Requires new prime field: 3827 / 11159
Probe: 7259 | Done: 0 / 11159 | Requires new prime field: 3834 / 11159
Probe: 7266 | Done: 0 / 11159 | Requires new prime field: 3839 / 11159
Probe: 7277 | Done: 0 / 11159 | Requires new prime field: 3856 / 11159
Probe: 7277 | Done: 0 / 11159 | Requires new prime field: 3857 / 11159
Probe: 7334 | Done: 0 / 11159 | Requires new prime field: 3860 / 11159
Probe: 7338 | Done: 0 / 11159 | Requires new prime field: 3865 / 11159
Probe: 7338 | Done: 0 / 11159 | Requires new prime field: 3866 / 11159
Probe: 7344 | Done: 0 / 11159 | Requires new prime field: 3868 / 11159
Probe: 7368 | Done: 0 / 11159 | Requires new prime field: 3872 / 11159
Probe: 7369 | Done: 0 / 11159 | Requires new prime field: 3874 / 11159
Probe: 7374 | Done: 0 / 11159 | Requires new prime field: 3875 / 11159
Probe: 7381 | Done: 0 / 11159 | Requires new prime field: 3883 / 11159
Probe: 7388 | Done: 0 / 11159 | Requires new prime field: 3884 / 11159
Probe: 7391 | Done: 0 / 11159 | Requires new prime field: 3885 / 11159
Probe: 7410 | Done: 0 / 11159 | Requires new prime field: 3888 / 11159
Probe: 7415 | Done: 0 / 11159 | Requires new prime field: 3889 / 11159
Probe: 7422 | Done: 0 / 11159 | Requires new prime field: 3890 / 11159
Probe: 7424 | Done: 0 / 11159 | Requires new prime field: 3892 / 11159
Probe: 7434 | Done: 0 / 11159 | Requires new prime field: 3894 / 11159
Probe: 7436 | Done: 0 / 11159 | Requires new prime field: 3896 / 11159
Probe: 7455 | Done: 0 / 11159 | Requires new prime field: 3907 / 11159
Probe: 7477 | Done: 0 / 11159 | Requires new prime field: 3911 / 11159
Probe: 7480 | Done: 0 / 11159 | Requires new prime field: 3913 / 11159
Probe: 7488 | Done: 0 / 11159 | Requires new prime field: 3915 / 11159
Probe: 7499 | Done: 0 / 11159 | Requires new prime field: 3916 / 11159
Probe: 7518 | Done: 0 / 11159 | Requires new prime field: 3917 / 11159
Probe: 7727 | Done: 0 / 11159 | Requires new prime field: 3918 / 11159
Probe: 7727 | Done: 0 / 11159 | Requires new prime field: 3919 / 11159
Probe: 7736 | Done: 0 / 11159 | Requires new prime field: 3921 / 11159
Probe: 8153 | Done: 0 / 11159 | Requires new prime field: 3932 / 11159
Probe: 8159 | Done: 0 / 11159 | Requires new prime field: 3944 / 11159
Probe: 8248 | Done: 0 / 11159 | Requires new prime field: 3946 / 11159
Probe: 8278 | Done: 0 / 11159 | Requires new prime field: 3948 / 11159
Probe: 8278 | Done: 0 / 11159 | Requires new prime field: 3952 / 11159
Probe: 8289 | Done: 0 / 11159 | Requires new prime field: 3958 / 11159
Probe: 8289 | Done: 0 / 11159 | Requires new prime field: 3962 / 11159
Probe: 8290 | Done: 0 / 11159 | Requires new prime field: 3967 / 11159
Probe: 8308 | Done: 0 / 11159 | Requires new prime field: 3968 / 11159
Probe: 8337 | Done: 0 / 11159 | Requires new prime field: 3969 / 11159
Probe: 8354 | Done: 0 / 11159 | Requires new prime field: 3973 / 11159
Probe: 8358 | Done: 0 / 11159 | Requires new prime field: 3976 / 11159
Probe: 8361 | Done: 0 / 11159 | Requires new prime field: 3977 / 11159
Probe: 8361 | Done: 0 / 11159 | Requires new prime field: 3981 / 11159
Probe: 8372 | Done: 0 / 11159 | Requires new prime field: 3982 / 11159
Probe: 8379 | Done: 0 / 11159 | Requires new prime field: 3996 / 11159
Probe: 8386 | Done: 0 / 11159 | Requires new prime field: 4000 / 11159
Probe: 8390 | Done: 0 / 11159 | Requires new prime field: 4002 / 11159
Probe: 8390 | Done: 0 / 11159 | Requires new prime field: 4019 / 11159
Probe: 8439 | Done: 0 / 11159 | Requires new prime field: 4020 / 11159
Probe: 8441 | Done: 0 / 11159 | Requires new prime field: 4023 / 11159
Probe: 8462 | Done: 0 / 11159 | Requires new prime field: 4035 / 11159
Probe: 8473 | Done: 0 / 11159 | Requires new prime field: 4037 / 11159
Probe: 8475 | Done: 0 / 11159 | Requires new prime field: 4039 / 11159
Probe: 8475 | Done: 0 / 11159 | Requires new prime field: 4047 / 11159
Probe: 8479 | Done: 0 / 11159 | Requires new prime field: 4050 / 11159
Probe: 8492 | Done: 0 / 11159 | Requires new prime field: 4053 / 11159
Probe: 8493 | Done: 0 / 11159 | Requires new prime field: 4054 / 11159
Probe: 8493 | Done: 0 / 11159 | Requires new prime field: 4055 / 11159
Probe: 8493 | Done: 0 / 11159 | Requires new prime field: 4058 / 11159
Probe: 8520 | Done: 0 / 11159 | Requires new prime field: 4059 / 11159
Probe: 8532 | Done: 0 / 11159 | Requires new prime field: 4060 / 11159
Probe: 8539 | Done: 0 / 11159 | Requires new prime field: 4066 / 11159
Probe: 8540 | Done: 0 / 11159 | Requires new prime field: 4113 / 11159
Probe: 8558 | Done: 0 / 11159 | Requires new prime field: 4114 / 11159
Probe: 8560 | Done: 0 / 11159 | Requires new prime field: 4115 / 11159
Probe: 8560 | Done: 0 / 11159 | Requires new prime field: 4116 / 11159
Probe: 8822 | Done: 0 / 11159 | Requires new prime field: 4117 / 11159
Probe: 8822 | Done: 0 / 11159 | Requires new prime field: 4118 / 11159
Probe: 8822 | Done: 0 / 11159 | Requires new prime field: 4128 / 11159
Probe: 8829 | Done: 0 / 11159 | Requires new prime field: 4136 / 11159
Probe: 8831 | Done: 0 / 11159 | Requires new prime field: 4137 / 11159
Probe: 8841 | Done: 0 / 11159 | Requires new prime field: 4154 / 11159
Probe: 8843 | Done: 0 / 11159 | Requires new prime field: 4155 / 11159
Probe: 8850 | Done: 0 / 11159 | Requires new prime field: 4156 / 11159
Probe: 8859 | Done: 0 / 11159 | Requires new prime field: 4157 / 11159
Probe: 9246 | Done: 0 / 11159 | Requires new prime field: 4159 / 11159
Probe: 9246 | Done: 0 / 11159 | Requires new prime field: 4167 / 11159
Probe: 9255 | Done: 0 / 11159 | Requires new prime field: 4171 / 11159
Probe: 9303 | Done: 0 / 11159 | Requires new prime field: 4174 / 11159
Probe: 9303 | Done: 0 / 11159 | Requires new prime field: 4175 / 11159
Probe: 9427 | Done: 0 / 11159 | Requires new prime field: 4205 / 11159
Probe: 9430 | Done: 0 / 11159 | Requires new prime field: 4206 / 11159
Probe: 9430 | Done: 0 / 11159 | Requires new prime field: 4209 / 11159
Probe: 9444 | Done: 0 / 11159 | Requires new prime field: 4210 / 11159
Probe: 9445 | Done: 0 / 11159 | Requires new prime field: 4211 / 11159
Probe: 9461 | Done: 0 / 11159 | Requires new prime field: 4213 / 11159
Probe: 9466 | Done: 0 / 11159 | Requires new prime field: 4215 / 11159
Probe: 9471 | Done: 0 / 11159 | Requires new prime field: 4224 / 11159
Probe: 9483 | Done: 0 / 11159 | Requires new prime field: 4225 / 11159
Probe: 9520 | Done: 0 / 11159 | Requires new prime field: 4230 / 11159
Probe: 9525 | Done: 0 / 11159 | Requires new prime field: 4231 / 11159
Probe: 9531 | Done: 0 / 11159 | Requires new prime field: 4235 / 11159
Probe: 9544 | Done: 0 / 11159 | Requires new prime field: 4237 / 11159
Probe: 9544 | Done: 0 / 11159 | Requires new prime field: 4243 / 11159
Probe: 9544 | Done: 0 / 11159 | Requires new prime field: 4245 / 11159
Probe: 9544 | Done: 0 / 11159 | Requires new prime field: 4251 / 11159
Probe: 9550 | Done: 0 / 11159 | Requires new prime field: 4253 / 11159
Probe: 9563 | Done: 0 / 11159 | Requires new prime field: 4254 / 11159
Probe: 9584 | Done: 0 / 11159 | Requires new prime field: 4258 / 11159
Probe: 9585 | Done: 0 / 11159 | Requires new prime field: 4262 / 11159
Probe: 9588 | Done: 0 / 11159 | Requires new prime field: 4263 / 11159
Probe: 9616 | Done: 0 / 11159 | Requires new prime field: 4264 / 11159
Probe: 9616 | Done: 0 / 11159 | Requires new prime field: 4265 / 11159
Probe: 9622 | Done: 0 / 11159 | Requires new prime field: 4266 / 11159
Probe: 9622 | Done: 0 / 11159 | Requires new prime field: 4270 / 11159
Probe: 9631 | Done: 0 / 11159 | Requires new prime field: 4279 / 11159
Probe: 9631 | Done: 0 / 11159 | Requires new prime field: 4280 / 11159
Probe: 9633 | Done: 0 / 11159 | Requires new prime field: 4281 / 11159
Probe: 9648 | Done: 0 / 11159 | Requires new prime field: 4283 / 11159
Probe: 9907 | Done: 0 / 11159 | Requires new prime field: 4295 / 11159
Probe: 9917 | Done: 0 / 11159 | Requires new prime field: 4303 / 11159
Probe: 9985 | Done: 0 / 11159 | Requires new prime field: 4305 / 11159
Probe: 9985 | Done: 0 / 11159 | Requires new prime field: 4315 / 11159
Probe: 9991 | Done: 0 / 11159 | Requires new prime field: 4317 / 11159
Probe: 9995 | Done: 0 / 11159 | Requires new prime field: 4327 / 11159
Probe: 10513 | Done: 0 / 11159 | Requires new prime field: 4328 / 11159
Probe: 10517 | Done: 0 / 11159 | Requires new prime field: 4335 / 11159
Probe: 10524 | Done: 0 / 11159 | Requires new prime field: 4337 / 11159
Probe: 10524 | Done: 0 / 11159 | Requires new prime field: 4338 / 11159
Probe: 10531 | Done: 0 / 11159 | Requires new prime field: 4339 / 11159
Probe: 10542 | Done: 0 / 11159 | Requires new prime field: 4341 / 11159
Probe: 10557 | Done: 0 / 11159 | Requires new prime field: 4342 / 11159
Probe: 10561 | Done: 0 / 11159 | Requires new prime field: 4344 / 11159
Probe: 10567 | Done: 0 / 11159 | Requires new prime field: 4352 / 11159
Probe: 10572 | Done: 0 / 11159 | Requires new prime field: 4354 / 11159
Probe: 10572 | Done: 0 / 11159 | Requires new prime field: 4355 / 11159
Probe: 10584 | Done: 0 / 11159 | Requires new prime field: 4366 / 11159
Probe: 10770 | Done: 0 / 11159 | Requires new prime field: 4368 / 11159
Probe: 10811 | Done: 0 / 11159 | Requires new prime field: 4373 / 11159
Probe: 10815 | Done: 0 / 11159 | Requires new prime field: 4375 / 11159
Probe: 10828 | Done: 0 / 11159 | Requires new prime field: 4379 / 11159
Probe: 10839 | Done: 0 / 11159 | Requires new prime field: 4380 / 11159
Probe: 10854 | Done: 0 / 11159 | Requires new prime field: 4386 / 11159
Probe: 10854 | Done: 0 / 11159 | Requires new prime field: 4387 / 11159
Probe: 10856 | Done: 0 / 11159 | Requires new prime field: 4392 / 11159
Probe: 10861 | Done: 0 / 11159 | Requires new prime field: 4393 / 11159
Probe: 10867 | Done: 0 / 11159 | Requires new prime field: 4394 / 11159
Probe: 10871 | Done: 0 / 11159 | Requires new prime field: 4395 / 11159
Probe: 10878 | Done: 0 / 11159 | Requires new prime field: 4396 / 11159
Probe: 10887 | Done: 0 / 11159 | Requires new prime field: 4398 / 11159
Probe: 10888 | Done: 0 / 11159 | Requires new prime field: 4399 / 11159
Probe: 10895 | Done: 0 / 11159 | Requires new prime field: 4401 / 11159
Probe: 10921 | Done: 0 / 11159 | Requires new prime field: 4404 / 11159
Probe: 10934 | Done: 0 / 11159 | Requires new prime field: 4405 / 11159
Probe: 10934 | Done: 0 / 11159 | Requires new prime field: 4406 / 11159
Probe: 10934 | Done: 0 / 11159 | Requires new prime field: 4417 / 11159
Probe: 10936 | Done: 0 / 11159 | Requires new prime field: 4419 / 11159
Probe: 10943 | Done: 0 / 11159 | Requires new prime field: 4421 / 11159
Probe: 10946 | Done: 0 / 11159 | Requires new prime field: 4422 / 11159
Probe: 11028 | Done: 0 / 11159 | Requires new prime field: 4424 / 11159
Probe: 11045 | Done: 0 / 11159 | Requires new prime field: 4426 / 11159
Probe: 11053 | Done: 0 / 11159 | Requires new prime field: 4428 / 11159
Probe: 11073 | Done: 0 / 11159 | Requires new prime field: 4430 / 11159
Probe: 11084 | Done: 0 / 11159 | Requires new prime field: 4431 / 11159
Probe: 11094 | Done: 0 / 11159 | Requires new prime field: 4432 / 11159
Probe: 11100 | Done: 0 / 11159 | Requires new prime field: 4435 / 11159
Probe: 11104 | Done: 0 / 11159 | Requires new prime field: 4436 / 11159
Probe: 11193 | Done: 0 / 11159 | Requires new prime field: 4437 / 11159
Probe: 11219 | Done: 0 / 11159 | Requires new prime field: 4443 / 11159
Probe: 11236 | Done: 0 / 11159 | Requires new prime field: 4445 / 11159
Probe: 11450 | Done: 0 / 11159 | Requires new prime field: 4447 / 11159
Probe: 11463 | Done: 0 / 11159 | Requires new prime field: 4449 / 11159
Probe: 11479 | Done: 0 / 11159 | Requires new prime field: 4450 / 11159
Probe: 11492 | Done: 0 / 11159 | Requires new prime field: 4451 / 11159
Probe: 11499 | Done: 0 / 11159 | Requires new prime field: 4452 / 11159
Probe: 11499 | Done: 0 / 11159 | Requires new prime field: 4453 / 11159
Probe: 11529 | Done: 0 / 11159 | Requires new prime field: 4454 / 11159
Probe: 12020 | Done: 0 / 11159 | Requires new prime field: 4459 / 11159
Probe: 12020 | Done: 0 / 11159 | Requires new prime field: 4462 / 11159
Probe: 12156 | Done: 0 / 11159 | Requires new prime field: 4463 / 11159
Probe: 12159 | Done: 0 / 11159 | Requires new prime field: 4464 / 11159
Probe: 12166 | Done: 0 / 11159 | Requires new prime field: 4466 / 11159
Probe: 12191 | Done: 0 / 11159 | Requires new prime field: 4467 / 11159
Probe: 12203 | Done: 0 / 11159 | Requires new prime field: 4468 / 11159
Probe: 12203 | Done: 0 / 11159 | Requires new prime field: 4470 / 11159
Probe: 12208 | Done: 0 / 11159 | Requires new prime field: 4471 / 11159
Probe: 12208 | Done: 0 / 11159 | Requires new prime field: 4475 / 11159
Probe: 12212 | Done: 0 / 11159 | Requires new prime field: 4485 / 11159
Probe: 12228 | Done: 0 / 11159 | Requires new prime field: 4486 / 11159
Probe: 12233 | Done: 0 / 11159 | Requires new prime field: 4487 / 11159
Probe: 12233 | Done: 0 / 11159 | Requires new prime field: 4489 / 11159
Probe: 12250 | Done: 0 / 11159 | Requires new prime field: 4492 / 11159
Probe: 12255 | Done: 0 / 11159 | Requires new prime field: 4494 / 11159
Probe: 12277 | Done: 0 / 11159 | Requires new prime field: 4495 / 11159
Probe: 12280 | Done: 0 / 11159 | Requires new prime field: 4497 / 11159
Probe: 12280 | Done: 0 / 11159 | Requires new prime field: 4498 / 11159
Probe: 12299 | Done: 0 / 11159 | Requires new prime field: 4499 / 11159
Probe: 12308 | Done: 0 / 11159 | Requires new prime field: 4500 / 11159
Probe: 12347 | Done: 0 / 11159 | Requires new prime field: 4501 / 11159
Probe: 12352 | Done: 0 / 11159 | Requires new prime field: 4502 / 11159
Probe: 12358 | Done: 0 / 11159 | Requires new prime field: 4505 / 11159
Probe: 12364 | Done: 0 / 11159 | Requires new prime field: 4521 / 11159
Probe: 12373 | Done: 0 / 11159 | Requires new prime field: 4524 / 11159
Probe: 12390 | Done: 0 / 11159 | Requires new prime field: 4526 / 11159
Probe: 12391 | Done: 0 / 11159 | Requires new prime field: 4528 / 11159
Probe: 12398 | Done: 0 / 11159 | Requires new prime field: 4531 / 11159
Probe: 12512 | Done: 0 / 11159 | Requires new prime field: 4532 / 11159
Probe: 12512 | Done: 0 / 11159 | Requires new prime field: 4544 / 11159
Probe: 12522 | Done: 0 / 11159 | Requires new prime field: 4549 / 11159
Probe: 12536 | Done: 0 / 11159 | Requires new prime field: 4550 / 11159
Probe: 12540 | Done: 0 / 11159 | Requires new prime field: 4557 / 11159
Probe: 12719 | Done: 0 / 11159 | Requires new prime field: 4561 / 11159
Probe: 12723 | Done: 0 / 11159 | Requires new prime field: 4564 / 11159
Probe: 12723 | Done: 0 / 11159 | Requires new prime field: 4566 / 11159
Probe: 12731 | Done: 0 / 11159 | Requires new prime field: 4567 / 11159
Probe: 12765 | Done: 0 / 11159 | Requires new prime field: 4568 / 11159
Probe: 12778 | Done: 0 / 11159 | Requires new prime field: 4569 / 11159
Probe: 12787 | Done: 0 / 11159 | Requires new prime field: 4573 / 11159
Probe: 12800 | Done: 0 / 11159 | Requires new prime field: 4575 / 11159
Probe: 13352 | Done: 0 / 11159 | Requires new prime field: 4581 / 11159
Probe: 13368 | Done: 0 / 11159 | Requires new prime field: 4584 / 11159
Probe: 13395 | Done: 0 / 11159 | Requires new prime field: 4587 / 11159
Probe: 13397 | Done: 0 / 11159 | Requires new prime field: 4589 / 11159
Probe: 13409 | Done: 0 / 11159 | Requires new prime field: 4591 / 11159
Probe: 13419 | Done: 0 / 11159 | Requires new prime field: 4595 / 11159
Probe: 13422 | Done: 0 / 11159 | Requires new prime field: 4599 / 11159
Probe: 13426 | Done: 0 / 11159 | Requires new prime field: 4600 / 11159
Probe: 13429 | Done: 0 / 11159 | Requires new prime field: 4610 / 11159
Probe: 13454 | Done: 0 / 11159 | Requires new prime field: 4611 / 11159
Probe: 13463 | Done: 0 / 11159 | Requires new prime field: 4612 / 11159
Probe: 13588 | Done: 0 / 11159 | Requires new prime field: 4620 / 11159
Probe: 13593 | Done: 0 / 11159 | Requires new prime field: 4621 / 11159
Probe: 13640 | Done: 0 / 11159 | Requires new prime field: 4622 / 11159
Probe: 13827 | Done: 0 / 11159 | Requires new prime field: 4623 / 11159
Probe: 13835 | Done: 0 / 11159 | Requires new prime field: 4625 / 11159
Probe: 13847 | Done: 0 / 11159 | Requires new prime field: 4626 / 11159
Probe: 13889 | Done: 0 / 11159 | Requires new prime field: 4628 / 11159
Probe: 13889 | Done: 0 / 11159 | Requires new prime field: 4629 / 11159
Probe: 13924 | Done: 0 / 11159 | Requires new prime field: 4630 / 11159
Probe: 13931 | Done: 0 / 11159 | Requires new prime field: 4631 / 11159
Probe: 13935 | Done: 0 / 11159 | Requires new prime field: 4632 / 11159
Probe: 13944 | Done: 0 / 11159 | Requires new prime field: 4633 / 11159
Probe: 13950 | Done: 0 / 11159 | Requires new prime field: 4634 / 11159
